0 verbose cli /usr/local/bin/node /usr/local/lib/node_modules/npm/bin/npm-cli.js
1 info using npm@11.13.0
2 info using node@v24.16.0
3 silly config load:file:/usr/local/lib/node_modules/npm/npmrc
4 silly config load:file:/Users/faraazmustafa/VSCodee/.npmrc
5 silly config load:file:/Users/faraazmustafa/.npmrc
6 silly config load:file:/usr/local/etc/npmrc
7 verbose title npm exec altalt
8 verbose argv "exec" "--" "altalt"
9 verbose logfile logs-max:10 dir:/tmp/.npm-cache/_logs/2026-09-07T14_30_33_445Z-
10 verbose logfile /tmp/.npm-cache/_logs/2026-09-07T14_30_33_445Z-debug-0.log
11 silly logfile done cleaning log files
12 silly packumentCache heap:4496293888 maxSize:1124073472 maxEntrySize:562036736
13 http fetch GET 200 https://registry.npmjs.org/altalt 84ms (cache miss)
14 silly packumentCache heap:4496293888 maxSize:1124073472 maxEntrySize:562036736
15 silly packumentCache heap:4496293888 maxSize:1124073472 maxEntrySize:562036736
16 silly idealTree buildDeps
17 silly fetch manifest altalt@0.2.4
18 silly packumentCache full:https://registry.npmjs.org/altalt cache-miss
19 http fetch GET 200 https://registry.npmjs.org/altalt 171ms (cache miss)
20 silly packumentCache full:https://registry.npmjs.org/altalt set size:undefined disposed:false
21 silly placeDep ROOT altalt@0.2.4 OK for:  want: 0.2.4
22 silly fetch manifest @clack/prompts@0.11.0
23 silly packumentCache full:https://registry.npmjs.org/@clack%2fprompts cache-miss
24 http fetch GET 200 https://registry.npmjs.org/@clack%2fprompts 45ms (cache miss)
25 silly packumentCache full:https://registry.npmjs.org/@clack%2fprompts set size:undefined disposed:false
26 silly placeDep ROOT @clack/prompts@0.11.0 OK for: altalt@0.2.4 want: 0.11.0
27 silly fetch manifest picocolors@^1.0.0
28 silly packumentCache full:https://registry.npmjs.org/picocolors cache-miss
29 silly fetch manifest sisteransi@^1.0.5
30 silly packumentCache full:https://registry.npmjs.org/sisteransi cache-miss
31 silly fetch manifest @clack/core@0.5.0
32 silly packumentCache full:https://registry.npmjs.org/@clack%2fcore cache-miss
33 http fetch GET 200 https://registry.npmjs.org/picocolors 22ms (cache miss)
34 silly packumentCache full:https://registry.npmjs.org/picocolors set size:undefined disposed:false
35 http fetch GET 200 https://registry.npmjs.org/sisteransi 67ms (cache miss)
36 silly packumentCache full:https://registry.npmjs.org/sisteransi set size:undefined disposed:false
37 http fetch GET 200 https://registry.npmjs.org/@clack%2fcore 72ms (cache miss)
38 silly packumentCache full:https://registry.npmjs.org/@clack%2fcore set size:undefined disposed:false
39 silly placeDep ROOT @clack/core@0.5.0 OK for: @clack/prompts@0.11.0 want: 0.5.0
40 silly placeDep ROOT picocolors@1.1.1 OK for: @clack/prompts@0.11.0 want: ^1.0.0
41 silly placeDep ROOT sisteransi@1.0.5 OK for: @clack/prompts@0.11.0 want: ^1.0.5
42 silly reify moves {}
43 http cache sisteransi@https://registry.npmjs.org/sisteransi/-/sisteransi-1.0.5.tgz 0ms (cache hit)
44 http cache picocolors@https://registry.npmjs.org/picocolors/-/picocolors-1.1.1.tgz 0ms (cache hit)
45 http cache @clack/core@https://registry.npmjs.org/@clack/core/-/core-0.5.0.tgz 0ms (cache hit)
46 http cache @clack/prompts@https://registry.npmjs.org/@clack/prompts/-/prompts-0.11.0.tgz 0ms (cache hit)
47 http cache altalt@https://registry.npmjs.org/altalt/-/altalt-0.2.4.tgz 0ms (cache hit)
48 silly tarball no local data for sisteransi@https://registry.npmjs.org/sisteransi/-/sisteransi-1.0.5.tgz. Extracting by manifest.
49 silly tarball no local data for picocolors@https://registry.npmjs.org/picocolors/-/picocolors-1.1.1.tgz. Extracting by manifest.
50 silly tarball no local data for @clack/core@https://registry.npmjs.org/@clack/core/-/core-0.5.0.tgz. Extracting by manifest.
51 silly tarball no local data for @clack/prompts@https://registry.npmjs.org/@clack/prompts/-/prompts-0.11.0.tgz. Extracting by manifest.
52 silly tarball no local data for altalt@https://registry.npmjs.org/altalt/-/altalt-0.2.4.tgz. Extracting by manifest.
53 http fetch GET 200 https://registry.npmjs.org/sisteransi/-/sisteransi-1.0.5.tgz 40ms (cache miss)
54 http fetch GET 200 https://registry.npmjs.org/picocolors/-/picocolors-1.1.1.tgz 41ms (cache miss)
55 http fetch GET 200 https://registry.npmjs.org/@clack/core/-/core-0.5.0.tgz 45ms (cache miss)
56 http fetch GET 200 https://registry.npmjs.org/altalt/-/altalt-0.2.4.tgz 74ms (cache miss)
57 http fetch GET 200 https://registry.npmjs.org/@clack/prompts/-/prompts-0.11.0.tgz 76ms (cache miss)
58 verbose cwd /Users/faraazmustafa/VSCodee
59 verbose os Darwin 25.6.0
60 verbose node v24.16.0
61 verbose npm  v11.13.0
62 verbose exit 1
63 verbose code 1
